STANDINGS
Placement; Number; Name; Total; Start; End
1; 2; Bengt Bsson; 17:33:46; 18:00:40; 00:26:54
2; 1; Anders Asson; 17:33:49; 18:01:37; 00:27:48
3; 3; Chris Csson; 17:33:44; 18:01:43; 00:27:59
INVALID TOTALS
Number; Name; Total; Start; End
4; David Dsson; 17:33:40; End?; --:--:--
5; Erik Esson; Start?; 18:01:49; --:--:--
6; Fredrik Fransson; Start?; End?; --:--:--
7; <Missing name>; 17:34:01; End?; --:--:--
